2026-05-11 14:22:38 | INFO | Starting recrawl: machine_id=PHONG_CHAU_24832000 rows=51 input=debug_outputs/recrawl_phong_chau_24832000_20260511/recrawl_phong_chau_24832000_updated_coords.csv
2026-05-11 14:22:40 | INFO | Row 1/51 status=OK distance=13.5 duration=21 min attempts=1
2026-05-11 14:22:43 | INFO | Row 2/51 status=OK distance=14.1 duration=20 min attempts=1
2026-05-11 14:22:45 | INFO | Row 3/51 status=OK distance=10.5 duration=17 min attempts=1
2026-05-11 14:22:48 | INFO | Row 4/51 status=OK distance=14.6 duration=23 min attempts=1
2026-05-11 14:22:51 | INFO | Row 5/51 status=OK distance=0.35 duration=1 min attempts=1
2026-05-11 14:22:54 | INFO | Row 6/51 status=OK distance=25.4 duration=36 min attempts=1
2026-05-11 14:22:57 | INFO | Row 7/51 status=OK distance=16.6 duration=23 min attempts=1
2026-05-11 14:23:00 | INFO | Row 8/51 status=OK distance=12.5 duration=20 min attempts=1
2026-05-11 14:23:03 | INFO | Row 9/51 status=OK distance=12.0 duration=17 min attempts=1
2026-05-11 14:23:06 | INFO | Row 10/51 status=OK distance=21.7 duration=31 min attempts=1
2026-05-11 14:23:09 | INFO | Row 11/51 status=OK distance=16.0 duration=22 min attempts=1
2026-05-11 14:23:12 | INFO | Row 12/51 status=OK distance=13.4 duration=18 min attempts=1
2026-05-11 14:23:15 | INFO | Row 13/51 status=OK distance=13.5 duration=18 min attempts=1
2026-05-11 14:23:18 | INFO | Row 14/51 status=OK distance=14.9 duration=23 min attempts=1
2026-05-11 14:23:21 | INFO | Row 15/51 status=OK distance=29.9 duration=42 min attempts=1
2026-05-11 14:23:24 | INFO | Row 16/51 status=OK distance=18.3 duration=26 min attempts=1
2026-05-11 14:23:27 | INFO | Row 17/51 status=OK distance=43.1 duration=46 min attempts=1
2026-05-11 14:23:30 | INFO | Row 18/51 status=OK distance=55.6 duration=56 min attempts=1
2026-05-11 14:23:33 | INFO | Row 19/51 status=OK distance=32.6 duration=38 min attempts=1
2026-05-11 14:23:36 | INFO | Row 20/51 status=OK distance=43.7 duration=50 min attempts=1
2026-05-11 14:23:39 | INFO | Row 21/51 status=OK distance=54.6 duration=55 min attempts=1
2026-05-11 14:23:42 | INFO | Row 22/51 status=OK distance=46.5 duration=54 min attempts=1
2026-05-11 14:23:45 | INFO | Row 23/51 status=OK distance=27.8 duration=41 min attempts=1
2026-05-11 14:23:48 | INFO | Row 24/51 status=OK distance=45.8 duration=53 min attempts=1
2026-05-11 14:23:51 | INFO | Row 25/51 status=OK distance=41.6 duration=46 min attempts=1
2026-05-11 14:23:54 | INFO | Row 26/51 status=OK distance=37.0 duration=48 min attempts=1
2026-05-11 14:23:58 | INFO | Row 27/51 status=OK distance=35.7 duration=52 min attempts=1
2026-05-11 14:24:01 | INFO | Row 28/51 status=OK distance=8.0 duration=13 min attempts=1
2026-05-11 14:24:03 | INFO | Row 29/51 status=OK distance=11.1 duration=18 min attempts=1
2026-05-11 14:24:06 | INFO | Row 30/51 status=OK distance=9.4 duration=15 min attempts=1
2026-05-11 14:24:09 | INFO | Row 31/51 status=OK distance=11.8 duration=19 min attempts=1
2026-05-11 14:24:12 | INFO | Row 32/51 status=OK distance=23.9 duration=35 min attempts=1
2026-05-11 14:24:15 | INFO | Row 33/51 status=OK distance=7.9 duration=11 min attempts=1
2026-05-11 14:24:18 | INFO | Row 34/51 status=OK distance=69.9 duration=1 hr 35 min attempts=1
2026-05-11 14:24:21 | INFO | Row 35/51 status=OK distance=68.4 duration=1 hr 32 min attempts=1
2026-05-11 14:24:24 | INFO | Row 36/51 status=OK distance=67.5 duration=1 hr 30 min attempts=1
2026-05-11 14:24:27 | INFO | Row 37/51 status=OK distance=72.3 duration=1 hr 36 min attempts=1
2026-05-11 14:24:30 | INFO | Row 38/51 status=OK distance=74.1 duration=1 hr 58 min attempts=1
2026-05-11 14:24:33 | INFO | Row 39/51 status=OK distance=56.2 duration=1 hr 1 min attempts=1
2026-05-11 14:24:36 | INFO | Row 40/51 status=OK distance=58.5 duration=1 hr attempts=1
2026-05-11 14:24:39 | INFO | Row 41/51 status=OK distance=62.0 duration=1 hr 5 min attempts=1
2026-05-11 14:24:42 | INFO | Row 42/51 status=OK distance=29.0 duration=39 min attempts=1
2026-05-11 14:24:45 | INFO | Row 43/51 status=OK distance=39.4 duration=57 min attempts=1
2026-05-11 14:24:48 | INFO | Row 44/51 status=OK distance=28.3 duration=41 min attempts=1
2026-05-11 14:24:51 | INFO | Row 45/51 status=OK distance=50.9 duration=51 min attempts=1
2026-05-11 14:24:54 | INFO | Row 46/51 status=OK distance=51.5 duration=53 min attempts=1
2026-05-11 14:24:57 | INFO | Row 47/51 status=OK distance=39.8 duration=58 min attempts=1
2026-05-11 14:25:00 | INFO | Row 48/51 status=OK distance=34.8 duration=47 min attempts=1
2026-05-11 14:25:03 | INFO | Row 49/51 status=OK distance=40.4 duration=44 min attempts=1
2026-05-11 14:25:05 | INFO | Row 50/51 status=OK distance=42.4 duration=49 min attempts=1
2026-05-11 14:25:05 | INFO | Saved incremental output after row 50
2026-05-11 14:25:08 | INFO | Row 51/51 status=OK distance=56.4 duration=1 hr 2 min attempts=1
2026-05-11 14:25:11 | INFO | Completed recrawl. Output dir: debug_outputs/recrawl_phong_chau_24832000_20260511/output
